/Users/liyuanhong/project/pythonPro/miaopaiTest
/Users/liyuanhong/project/pythonPro/miaopaiTest
/Users/liyuanhong/project/pythonPro/miaopaiTest
/Users/liyuanhong/project/pythonPro/miaopaiTest
/Users/liyuanhong/project/pythonPro/miaopaiTest
/Users/liyuanhong/project/pythonPro/miaopaiTest
/Users/liyuanhong/project/pythonPro/miaopaiTest
************************** MPmypageSetUserInfo test **************************
start test_do_change_userinfo_operations test ...  
Initialize
end ... 
